
 RUN  v1.6.1 /workspace/openac-sdk


[global-setup] dist/ not found: running npm run build...

> openac-sdk@0.3.0 build
> tsup

CLI Building entry: src/index.ts, src/status-designs/index.ts, src/swiyu-zkp/index.ts, src/swiyu-zkp/native-backend-node.ts, src/swiyu-zkp/sidecar-node.ts, src/testing/index.ts
CLI Using tsconfig: tsconfig.json
CLI tsup v8.5.1
CLI Using tsup config: /workspace/openac-sdk/tsup.config.ts
CLI Target: es2022
CLI Cleaning output folder
ESM Build start
DTS Build start
ESM dist/swiyu-zkp/native-backend-node.js     11.89 KB
ESM dist/index.js                             187.00 KB
ESM dist/testing/index.js                     6.75 KB
ESM dist/swiyu-zkp/index.js                   113.83 KB
ESM dist/swiyu-zkp/sidecar-node.js            91.86 KB
ESM dist/status-designs/index.js              37.66 KB
ESM dist/swiyu-zkp/native-backend-node.js.map 27.50 KB
ESM dist/index.js.map                         458.87 KB
ESM dist/testing/index.js.map                 16.80 KB
ESM dist/swiyu-zkp/index.js.map               274.68 KB
ESM dist/swiyu-zkp/sidecar-node.js.map        233.40 KB
ESM dist/status-designs/index.js.map          90.56 KB
ESM ⚡️ Build success in 1135ms
DTS ⚡️ Build success in 4419ms
DTS dist/swiyu-zkp/native-backend-node.d.ts 2.59 KB
DTS dist/swiyu-zkp/sidecar-node.d.ts        1.72 KB
DTS dist/testing/index.d.ts                 1.02 KB
DTS dist/status-designs/index.d.ts          7.90 KB
DTS dist/index.d.ts                         15.73 KB
DTS dist/swiyu-zkp/index.d.ts               27.62 KB
DTS dist/sidecar-AcKYTzzb.d.ts              3.35 KB
DTS dist/sizing-ClS_G1tE.d.ts               226.00 B
DTS dist/types-CpexUeDg.d.ts                9.54 KB
DTS dist/fixed-index-merkle-BWDdeS2E.d.ts   1.93 KB
DTS dist/types-CoSLxA9D.d.ts                8.01 KB
[global-setup] Build complete.

 ✓ tests/swiyu-zkp/split-benchmark-witness.test.ts  (1 test) 17859ms

 Test Files  1 passed (1)
      Tests  1 passed (1)
   Start at  03:18:59
   Duration  23.66s (transform 205ms, setup 0ms, collect 249ms, tests 17.86s, environment 0ms, prepare 74ms)

